Archive member included to satisfy reference by file (symbol)

/usr/lib/gcc/arm-none-eabi/6.2.0/../../../../arm-none-eabi/lib/armv7-m/libc_nano.a(lib_a-atexit.o)
                              /usr/lib/gcc/arm-none-eabi/6.2.0/../../../../arm-none-eabi/lib/armv7-m/crt0.o (atexit)
/usr/lib/gcc/arm-none-eabi/6.2.0/../../../../arm-none-eabi/lib/armv7-m/libc_nano.a(lib_a-exit.o)
                              /usr/lib/gcc/arm-none-eabi/6.2.0/../../../../arm-none-eabi/lib/armv7-m/crt0.o (exit)
/usr/lib/gcc/arm-none-eabi/6.2.0/../../../../arm-none-eabi/lib/armv7-m/libc_nano.a(lib_a-fini.o)
                              /usr/lib/gcc/arm-none-eabi/6.2.0/../../../../arm-none-eabi/lib/armv7-m/crt0.o (__libc_fini_array)
/usr/lib/gcc/arm-none-eabi/6.2.0/../../../../arm-none-eabi/lib/armv7-m/libc_nano.a(lib_a-impure.o)
                              /usr/lib/gcc/arm-none-eabi/6.2.0/../../../../arm-none-eabi/lib/armv7-m/libc_nano.a(lib_a-exit.o) (_global_impure_ptr)
/usr/lib/gcc/arm-none-eabi/6.2.0/../../../../arm-none-eabi/lib/armv7-m/libc_nano.a(lib_a-init.o)
                              /usr/lib/gcc/arm-none-eabi/6.2.0/../../../../arm-none-eabi/lib/armv7-m/crt0.o (__libc_init_array)
/usr/lib/gcc/arm-none-eabi/6.2.0/../../../../arm-none-eabi/lib/armv7-m/libc_nano.a(lib_a-memset.o)
                              /usr/lib/gcc/arm-none-eabi/6.2.0/../../../../arm-none-eabi/lib/armv7-m/crt0.o (memset)
/usr/lib/gcc/arm-none-eabi/6.2.0/../../../../arm-none-eabi/lib/armv7-m/libc_nano.a(lib_a-__atexit.o)
                              /usr/lib/gcc/arm-none-eabi/6.2.0/../../../../arm-none-eabi/lib/armv7-m/libc_nano.a(lib_a-atexit.o) (__register_exitproc)
/usr/lib/gcc/arm-none-eabi/6.2.0/../../../../arm-none-eabi/lib/armv7-m/libc_nano.a(lib_a-__call_atexit.o)
                              /usr/lib/gcc/arm-none-eabi/6.2.0/../../../../arm-none-eabi/lib/armv7-m/libc_nano.a(lib_a-__atexit.o) (__call_exitprocs)
/usr/lib/gcc/arm-none-eabi/6.2.0/../../../../arm-none-eabi/lib/armv7-m/libnosys.a(_exit.o)
                              /usr/lib/gcc/arm-none-eabi/6.2.0/../../../../arm-none-eabi/lib/armv7-m/libc_nano.a(lib_a-exit.o) (_exit)

Allocating common symbols
Common symbol       size              file

UartHandle          0x40              build/main.o
uwTick              0x4               build/stm32f1xx_hal.o
pFlash              0x20              build/stm32f1xx_hal_flash.o
buffbuff            0x64              build/main.o
aRxBuffer           0xa               build/main.o

Discarded input sections

 .text          0x0000000000000000        0x0 /usr/lib/gcc/arm-none-eabi/6.2.0/armv7-m/crti.o
 .data          0x0000000000000000        0x0 /usr/lib/gcc/arm-none-eabi/6.2.0/armv7-m/crti.o
 .bss           0x0000000000000000        0x0 /usr/lib/gcc/arm-none-eabi/6.2.0/armv7-m/crti.o
 .data          0x0000000000000000        0x4 /usr/lib/gcc/arm-none-eabi/6.2.0/armv7-m/crtbegin.o
 .text          0x0000000000000000       0x68 /usr/lib/gcc/arm-none-eabi/6.2.0/../../../../arm-none-eabi/lib/armv7-m/crt0.o
 .data          0x0000000000000000        0x0 /usr/lib/gcc/arm-none-eabi/6.2.0/../../../../arm-none-eabi/lib/armv7-m/crt0.o
 .bss           0x0000000000000000        0x0 /usr/lib/gcc/arm-none-eabi/6.2.0/../../../../arm-none-eabi/lib/armv7-m/crt0.o
 .ARM.extab     0x0000000000000000        0x0 /usr/lib/gcc/arm-none-eabi/6.2.0/../../../../arm-none-eabi/lib/armv7-m/crt0.o
 .ARM.exidx     0x0000000000000000        0x8 /usr/lib/gcc/arm-none-eabi/6.2.0/../../../../arm-none-eabi/lib/armv7-m/crt0.o
 .debug_line    0x0000000000000000       0x7b /usr/lib/gcc/arm-none-eabi/6.2.0/../../../../arm-none-eabi/lib/armv7-m/crt0.o
 .debug_info    0x0000000000000000       0x9c /usr/lib/gcc/arm-none-eabi/6.2.0/../../../../arm-none-eabi/lib/armv7-m/crt0.o
 .debug_abbrev  0x0000000000000000       0x14 /usr/lib/gcc/arm-none-eabi/6.2.0/../../../../arm-none-eabi/lib/armv7-m/crt0.o
 .debug_aranges
                0x0000000000000000       0x20 /usr/lib/gcc/arm-none-eabi/6.2.0/../../../../arm-none-eabi/lib/armv7-m/crt0.o
 .ARM.attributes
                0x0000000000000000       0x1b /usr/lib/gcc/arm-none-eabi/6.2.0/../../../../arm-none-eabi/lib/armv7-m/crt0.o
 .text          0x0000000000000000        0x0 build/stm32f1xx_hal_gpio_ex.o
 .data          0x0000000000000000        0x0 build/stm32f1xx_hal_gpio_ex.o
 .bss           0x0000000000000000        0x0 build/stm32f1xx_hal_gpio_ex.o
 .text.HAL_GPIOEx_ConfigEventout
                0x0000000000000000       0x14 build/stm32f1xx_hal_gpio_ex.o
 .text.HAL_GPIOEx_EnableEventout
                0x0000000000000000       0x10 build/stm32f1xx_hal_gpio_ex.o
 .text.HAL_GPIOEx_DisableEventout
                0x0000000000000000       0x10 build/stm32f1xx_hal_gpio_ex.o
 .debug_info    0x0000000000000000      0xaea build/stm32f1xx_hal_gpio_ex.o
 .debug_abbrev  0x0000000000000000      0x1bf build/stm32f1xx_hal_gpio_ex.o
 .debug_loc     0x0000000000000000       0x21 build/stm32f1xx_hal_gpio_ex.o
 .debug_aranges
[...]
Memory Configuration

Name             Origin             Length             Attributes
RAM              0x0000000020000000 0x0000000000005000 xrw
FLASH            0x0000000008000000 0x0000000000010000 xr
*default*        0x0000000000000000 0xffffffffffffffff

Linker script and memory map

LOAD /usr/lib/gcc/arm-none-eabi/6.2.0/armv7-m/crti.o
LOAD /usr/lib/gcc/arm-none-eabi/6.2.0/armv7-m/crtbegin.o
LOAD /usr/lib/gcc/arm-none-eabi/6.2.0/../../../../arm-none-eabi/lib/armv7-m/crt0.o
LOAD build/stm32f1xx_hal_gpio_ex.o
LOAD build/system_stm32f1xx.o
LOAD build/stm32f1xx_it.o
LOAD build/stm32f1xx_hal_tim.o
LOAD build/stm32f1xx_hal_rcc_ex.o
LOAD build/stm32f1xx_hal_dma.o
LOAD build/stm32f1xx_hal_cortex.o
LOAD build/main.o
LOAD build/stm32f1xx_hal_gpio.o
LOAD build/stm32f1xx_hal_flash_ex.o
LOAD build/stm32f1xx_hal_flash.o
LOAD build/stm32f1xx_hal_uart.o
LOAD build/stm32f1xx_hal_msp.o
LOAD build/stm32f1xx_hal_tim_ex.o
LOAD build/stm32f1xx_hal.o
LOAD build/stm32f1xx_hal_rcc.o
LOAD build/stm32f1xx_hal_pwr.o
LOAD build/startup_stm32f103xb.o
LOAD /usr/lib/gcc/arm-none-eabi/6.2.0/../../../../arm-none-eabi/lib/armv7-m/libc_nano.a
LOAD /usr/lib/gcc/arm-none-eabi/6.2.0/../../../../arm-none-eabi/lib/armv7-m/libm.a
LOAD /usr/lib/gcc/arm-none-eabi/6.2.0/../../../../arm-none-eabi/lib/armv7-m/libnosys.a
START GROUP
LOAD /usr/lib/gcc/arm-none-eabi/6.2.0/armv7-m/libgcc.a
LOAD /usr/lib/gcc/arm-none-eabi/6.2.0/../../../../arm-none-eabi/lib/armv7-m/libc_nano.a
END GROUP
START GROUP
LOAD /usr/lib/gcc/arm-none-eabi/6.2.0/armv7-m/libgcc.a
LOAD /usr/lib/gcc/arm-none-eabi/6.2.0/../../../../arm-none-eabi/lib/armv7-m/libc_nano.a
END GROUP
LOAD /usr/lib/gcc/arm-none-eabi/6.2.0/armv7-m/crtend.o
LOAD /usr/lib/gcc/arm-none-eabi/6.2.0/armv7-m/crtn.o
                0x0000000020005000                _estack = 0x20005000
                0x0000000000000200                _Min_Heap_Size = 0x200
                0x0000000000000400                _Min_Stack_Size = 0x400

.isr_vector     0x0000000008000000      0x10c
                0x0000000008000000                . = ALIGN (0x4)
 *(.isr_vector)
 .isr_vector    0x0000000008000000      0x10c build/startup_stm32f103xb.o
                0x0000000008000000                g_pfnVectors
                0x000000000800010c                . = ALIGN (0x4)

.text           0x000000000800010c     0x11c8
                0x000000000800010c                . = ALIGN (0x4)
 *(.text)
 .text          0x000000000800010c       0x6c /usr/lib/gcc/arm-none-eabi/6.2.0/armv7-m/crtbegin.o
 .text          0x0000000008000178       0x50 /usr/lib/gcc/arm-none-eabi/6.2.0/../../../../arm-none-eabi/lib/armv7-m/libc_nano.a(lib_a-init.o)
                0x0000000008000178                __libc_init_array
 *(.text*)
 .text.SystemInit
                0x00000000080001c8       0x4c build/system_stm32f1xx.o
                0x00000000080001c8                SystemInit
 .text.NMI_Handler
                0x0000000008000214        0x2 build/stm32f1xx_it.o
                0x0000000008000214                NMI_Handler
 .text.HardFault_Handler
                0x0000000008000216        0x2 build/stm32f1xx_it.o
                0x0000000008000216                HardFault_Handler
 .text.MemManage_Handler
                0x0000000008000218        0x2 build/stm32f1xx_it.o
                0x0000000008000218                MemManage_Handler
 .text.BusFault_Handler
                0x000000000800021a        0x2 build/stm32f1xx_it.o
                0x000000000800021a                BusFault_Handler
 .text.UsageFault_Handler
                0x000000000800021c        0x2 build/stm32f1xx_it.o
                0x000000000800021c                UsageFault_Handler
 .text.SVC_Handler
                0x000000000800021e        0x2 build/stm32f1xx_it.o
                0x000000000800021e                SVC_Handler
 .text.DebugMon_Handler
                0x0000000008000220        0x2 build/stm32f1xx_it.o
                0x0000000008000220                DebugMon_Handler
 .text.PendSV_Handler
                0x0000000008000222        0x2 build/stm32f1xx_it.o
                0x0000000008000222                PendSV_Handler
 .text.SysTick_Handler
                0x0000000008000224        0xc build/stm32f1xx_it.o
                0x0000000008000224                SysTick_Handler
 .text.HAL_NVIC_SetPriorityGrouping
                0x0000000008000230       0x24 build/stm32f1xx_hal_cortex.o
                0x0000000008000230                HAL_NVIC_SetPriorityGrouping
 .text.HAL_NVIC_SetPriority
                0x0000000008000254       0x64 build/stm32f1xx_hal_cortex.o
                0x0000000008000254                HAL_NVIC_SetPriority
 .text.HAL_NVIC_EnableIRQ
                0x00000000080002b8       0x18 build/stm32f1xx_hal_cortex.o
                0x00000000080002b8                HAL_NVIC_EnableIRQ
 .text.HAL_SYSTICK_Config
                0x00000000080002d0       0x2c build/stm32f1xx_hal_cortex.o
                0x00000000080002d0                HAL_SYSTICK_Config
 .text.HAL_SYSTICK_CLKSourceConfig
                0x00000000080002fc       0x20 build/stm32f1xx_hal_cortex.o
                0x00000000080002fc                HAL_SYSTICK_CLKSourceConfig
 .text.HAL_SYSTICK_Callback
                0x000000000800031c        0x2 build/stm32f1xx_hal_cortex.o
                0x000000000800031c                HAL_SYSTICK_Callback
 .text.HAL_SYSTICK_IRQHandler
                0x000000000800031e        0x8 build/stm32f1xx_hal_cortex.o
                0x000000000800031e                HAL_SYSTICK_IRQHandler
 *fill*         0x0000000008000326        0x2 
 .text.MX_GPIO_Init
                0x0000000008000328       0x5c build/main.o
 .text._Error_Handler
                0x0000000008000384       0x44 build/main.o
                0x0000000008000384                _Error_Handler
 .text.MX_USART1_UART_Init
                0x00000000080003c8       0x3c build/main.o
 .text.SystemClock_Config
                0x0000000008000404       0x78 build/main.o
                0x0000000008000404                SystemClock_Config
 .text.main     0x000000000800047c       0xa0 build/main.o
                0x000000000800047c                main
 .text.HAL_GPIO_Init
                0x000000000800051c      0x1ec build/stm32f1xx_hal_gpio.o
                0x000000000800051c                HAL_GPIO_Init
 .text.HAL_GPIO_WritePin
                0x0000000008000708        0xc build/stm32f1xx_hal_gpio.o
                0x0000000008000708                HAL_GPIO_WritePin
 .text.UART_SetConfig
                0x0000000008000714      0x1b0 build/stm32f1xx_hal_uart.o
 .text.UART_WaitOnFlagUntilTimeout
                0x00000000080008c4       0x64 build/stm32f1xx_hal_uart.o
 .text.HAL_UART_Init
                0x0000000008000928       0x5e build/stm32f1xx_hal_uart.o
                0x0000000008000928                HAL_UART_Init
 .text.HAL_UART_Transmit
                0x0000000008000986       0xe2 build/stm32f1xx_hal_uart.o
                0x0000000008000986                HAL_UART_Transmit
 .text.HAL_UART_Receive_IT
                0x0000000008000a68       0x5c build/stm32f1xx_hal_uart.o
                0x0000000008000a68                HAL_UART_Receive_IT
 .text.HAL_MspInit
                0x0000000008000ac4       0x94 build/stm32f1xx_hal_msp.o
                0x0000000008000ac4                HAL_MspInit
 .text.HAL_UART_MspInit
                0x0000000008000b58       0x6c build/stm32f1xx_hal_msp.o
                0x0000000008000b58                HAL_UART_MspInit
 .text.HAL_InitTick
                0x0000000008000bc4       0x2c build/stm32f1xx_hal.o
                0x0000000008000bc4                HAL_InitTick
 .text.HAL_Init
                0x0000000008000bf0       0x24 build/stm32f1xx_hal.o
                0x0000000008000bf0                HAL_Init
 .text.HAL_IncTick
                0x0000000008000c14       0x10 build/stm32f1xx_hal.o
                0x0000000008000c14                HAL_IncTick
 .text.HAL_GetTick
                0x0000000008000c24        0xc build/stm32f1xx_hal.o
                0x0000000008000c24                HAL_GetTick
 .text.RCC_Delay
                0x0000000008000c30       0x2c build/stm32f1xx_hal_rcc.o
 .text.HAL_RCC_OscConfig
                0x0000000008000c5c      0x3e0 build/stm32f1xx_hal_rcc.o
                0x0000000008000c5c                HAL_RCC_OscConfig
 .text.HAL_RCC_GetSysClockFreq
                0x000000000800103c       0x70 build/stm32f1xx_hal_rcc.o
                0x000000000800103c                HAL_RCC_GetSysClockFreq
 .text.HAL_RCC_ClockConfig
                0x00000000080010ac      0x178 build/stm32f1xx_hal_rcc.o
                0x00000000080010ac                HAL_RCC_ClockConfig
 .text.HAL_RCC_GetHCLKFreq
                0x0000000008001224        0xc build/stm32f1xx_hal_rcc.o
                0x0000000008001224                HAL_RCC_GetHCLKFreq
 .text.HAL_RCC_GetPCLK1Freq
                0x0000000008001230       0x20 build/stm32f1xx_hal_rcc.o
                0x0000000008001230                HAL_RCC_GetPCLK1Freq
 .text.HAL_RCC_GetPCLK2Freq
                0x0000000008001250       0x20 build/stm32f1xx_hal_rcc.o
                0x0000000008001250                HAL_RCC_GetPCLK2Freq
 .text.Reset_Handler
                0x0000000008001270       0x48 build/startup_stm32f103xb.o
                0x0000000008001270                Reset_Handler
 .text.Default_Handler
                0x00000000080012b8        0x2 build/startup_stm32f103xb.o
                0x00000000080012b8                RTC_Alarm_IRQHandler
                0x00000000080012b8                EXTI2_IRQHandler
                0x00000000080012b8                TIM1_CC_IRQHandler
                0x00000000080012b8                PVD_IRQHandler
                0x00000000080012b8                EXTI3_IRQHandler
                0x00000000080012b8                EXTI0_IRQHandler
                0x00000000080012b8                I2C2_EV_IRQHandler
                0x00000000080012b8                ADC1_2_IRQHandler
                0x00000000080012b8                SPI1_IRQHandler
                0x00000000080012b8                TAMPER_IRQHandler
                0x00000000080012b8                DMA1_Channel4_IRQHandler
                0x00000000080012b8                USART3_IRQHandler
                0x00000000080012b8                RTC_IRQHandler
                0x00000000080012b8                DMA1_Channel7_IRQHandler
                0x00000000080012b8                CAN1_RX1_IRQHandler
                0x00000000080012b8                TIM4_IRQHandler
                0x00000000080012b8                I2C1_EV_IRQHandler
                0x00000000080012b8                DMA1_Channel6_IRQHandler
                0x00000000080012b8                TIM3_IRQHandler
                0x00000000080012b8                RCC_IRQHandler
                0x00000000080012b8                TIM1_TRG_COM_IRQHandler
                0x00000000080012b8                DMA1_Channel1_IRQHandler
                0x00000000080012b8                Default_Handler
                0x00000000080012b8                EXTI15_10_IRQHandler
                0x00000000080012b8                EXTI9_5_IRQHandler
                0x00000000080012b8                SPI2_IRQHandler
                0x00000000080012b8                DMA1_Channel5_IRQHandler
                0x00000000080012b8                EXTI4_IRQHandler
                0x00000000080012b8                USB_LP_CAN1_RX0_IRQHandler
                0x00000000080012b8                USB_HP_CAN1_TX_IRQHandler
                0x00000000080012b8                DMA1_Channel3_IRQHandler
                0x00000000080012b8                TIM1_UP_IRQHandler
                0x00000000080012b8                WWDG_IRQHandler
                0x00000000080012b8                TIM2_IRQHandler
                0x00000000080012b8                TIM1_BRK_IRQHandler
                0x00000000080012b8                EXTI1_IRQHandler
                0x00000000080012b8                USART2_IRQHandler
                0x00000000080012b8                I2C2_ER_IRQHandler
                0x00000000080012b8                DMA1_Channel2_IRQHandler
                0x00000000080012b8                CAN1_SCE_IRQHandler
                0x00000000080012b8                FLASH_IRQHandler
                0x00000000080012b8                USART1_IRQHandler
                0x00000000080012b8                I2C1_ER_IRQHandler
                0x00000000080012b8                USBWakeUp_IRQHandler
 *(.glue_7)
 .glue_7        0x00000000080012ba        0x0 linker stubs
 *(.glue_7t)
 .glue_7t       0x00000000080012ba        0x0 linker stubs
 *(.eh_frame)
 *fill*         0x00000000080012ba        0x2 
 .eh_frame      0x00000000080012bc        0x0 /usr/lib/gcc/arm-none-eabi/6.2.0/armv7-m/crtbegin.o
 *(.init)
 .init          0x00000000080012bc        0x4 /usr/lib/gcc/arm-none-eabi/6.2.0/armv7-m/crti.o
                0x00000000080012bc                _init
 .init          0x00000000080012c0        0x8 /usr/lib/gcc/arm-none-eabi/6.2.0/armv7-m/crtn.o
 *(.fini)
 .fini          0x00000000080012c8        0x4 /usr/lib/gcc/arm-none-eabi/6.2.0/armv7-m/crti.o
                0x00000000080012c8                _fini
 .fini          0x00000000080012cc        0x8 /usr/lib/gcc/arm-none-eabi/6.2.0/armv7-m/crtn.o
                0x00000000080012d4                . = ALIGN (0x4)
                0x00000000080012d4                _etext = .

.vfp11_veneer   0x00000000080012d4        0x0
 .vfp11_veneer  0x00000000080012d4        0x0 linker stubs

.v4_bx          0x00000000080012d4        0x0
 .v4_bx         0x00000000080012d4        0x0 linker stubs

.iplt           0x00000000080012d4        0x0
 .iplt          0x00000000080012d4        0x0 /usr/lib/gcc/arm-none-eabi/6.2.0/armv7-m/crtbegin.o

.rodata         0x00000000080012d4       0x88
                0x00000000080012d4                . = ALIGN (0x4)
 *(.rodata)
 .rodata        0x00000000080012d4       0x12 build/stm32f1xx_hal_rcc.o
 *(.rodata*)
 *fill*         0x00000000080012e6        0x2 
 .rodata.AHBPrescTable
                0x00000000080012e8       0x10 build/system_stm32f1xx.o
                0x00000000080012e8                AHBPrescTable
 .rodata.APBPrescTable
                0x00000000080012f8        0x8 build/system_stm32f1xx.o
                0x00000000080012f8                APBPrescTable
 .rodata.MX_USART1_UART_Init.str1.4
                0x0000000008001300        0xb build/main.o
 *fill*         0x000000000800130b        0x1 
 .rodata._Error_Handler.str1.4
                0x000000000800130c       0x22 build/main.o
 *fill*         0x000000000800132e        0x2 
 .rodata.main.str1.4
                0x0000000008001330       0x2c build/main.o
                                         0x2a (size before relaxing)
                0x000000000800135c                . = ALIGN (0x4)

.rel.dyn        0x000000000800135c        0x0
 .rel.iplt      0x000000000800135c        0x0 /usr/lib/gcc/arm-none-eabi/6.2.0/armv7-m/crtbegin.o

.ARM.extab
 *(.ARM.extab* .gnu.linkonce.armextab.*)

.ARM            0x000000000800135c        0x0
                0x000000000800135c                __exidx_start = .
 *(.ARM.exidx*)
                0x000000000800135c                __exidx_end = .

.preinit_array  0x000000000800135c        0x0
                0x000000000800135c                PROVIDE (__preinit_array_start, .)
 *(.preinit_array*)
                0x000000000800135c                PROVIDE (__preinit_array_end, .)

.init_array     0x000000000800135c        0x4
                0x000000000800135c                PROVIDE (__init_array_start, .)
 *(SORT(.init_array.*))
 *(.init_array*)
 .init_array    0x000000000800135c        0x4 /usr/lib/gcc/arm-none-eabi/6.2.0/armv7-m/crtbegin.o
                0x0000000008001360                PROVIDE (__init_array_end, .)

.fini_array     0x0000000008001360        0x4
                0x0000000008001360                PROVIDE (__fini_array_start, .)
 *(SORT(.fini_array.*))
 *(.fini_array*)
 .fini_array    0x0000000008001360        0x4 /usr/lib/gcc/arm-none-eabi/6.2.0/armv7-m/crtbegin.o
                0x0000000008001364                PROVIDE (__fini_array_end, .)
                0x0000000008001364                _sidata = LOADADDR (.data)

.data           0x0000000020000000        0x4 load address 0x0000000008001364
                0x0000000020000000                . = ALIGN (0x4)
                0x0000000020000000                _sdata = .
 *(.data)
 *(.data*)
 .data.SystemCoreClock
                0x0000000020000000        0x4 build/system_stm32f1xx.o
                0x0000000020000000                SystemCoreClock
                0x0000000020000004                . = ALIGN (0x4)
                0x0000000020000004                _edata = .

.jcr            0x0000000020000004        0x0 load address 0x0000000008001368
 .jcr           0x0000000020000004        0x0 /usr/lib/gcc/arm-none-eabi/6.2.0/armv7-m/crtbegin.o

.igot.plt       0x0000000020000004        0x0 load address 0x0000000008001368
 .igot.plt      0x0000000020000004        0x0 /usr/lib/gcc/arm-none-eabi/6.2.0/armv7-m/crtbegin.o
                0x0000000020000004                . = ALIGN (0x4)

.bss            0x0000000020000004       0xd4 load address 0x0000000008001368
                0x0000000020000004                _sbss = .
                0x0000000020000004                __bss_start__ = _sbss
 *(.bss)
 .bss           0x0000000020000004       0x1c /usr/lib/gcc/arm-none-eabi/6.2.0/armv7-m/crtbegin.o
 *(.bss*)
 .bss.UartReady
                0x0000000020000020        0x1 build/main.o
                0x0000000020000020                UartReady
 *(COMMON)
 *fill*         0x0000000020000021        0x3 
 COMMON         0x0000000020000024       0xae build/main.o
                0x0000000020000024                UartHandle
                0x0000000020000064                buffbuff
                0x00000000200000c8                aRxBuffer
 *fill*         0x00000000200000d2        0x2 
 COMMON         0x00000000200000d4        0x4 build/stm32f1xx_hal.o
                0x00000000200000d4                uwTick
                0x00000000200000d8                . = ALIGN (0x4)
                0x00000000200000d8                _ebss = .
                0x00000000200000d8                __bss_end__ = _ebss

._user_heap_stack
                0x00000000200000d8      0x600 load address 0x0000000008001368
                0x00000000200000d8                . = ALIGN (0x8)
                [!provide]                        PROVIDE (end, .)
                [!provide]                        PROVIDE (_end, .)
                0x00000000200002d8                . = (. + _Min_Heap_Size)
 *fill*         0x00000000200000d8      0x200 
                0x00000000200006d8                . = (. + _Min_Stack_Size)
 *fill*         0x00000000200002d8      0x400 
                0x00000000200006d8                . = ALIGN (0x8)

/DISCARD/
 libc.a(*)
 libm.a(*)
 libgcc.a(*)

.ARM.attributes
                0x0000000000000000       0x29
 *(.ARM.attributes)
 .ARM.attributes
                0x0000000000000000       0x1d /usr/lib/gcc/arm-none-eabi/6.2.0/armv7-m/crti.o
 .ARM.attributes
                0x000000000000001d       0x2d /usr/lib/gcc/arm-none-eabi/6.2.0/armv7-m/crtbegin.o
 .ARM.attributes
                0x000000000000004a       0x33 build/system_stm32f1xx.o
 .ARM.attributes
                0x000000000000007d       0x33 build/stm32f1xx_it.o
 .ARM.attributes
                0x00000000000000b0       0x33 build/stm32f1xx_hal_cortex.o
 .ARM.attributes
                0x00000000000000e3       0x33 build/main.o
 .ARM.attributes
                0x0000000000000116       0x33 build/stm32f1xx_hal_gpio.o
 .ARM.attributes
                0x0000000000000149       0x33 build/stm32f1xx_hal_uart.o
 .ARM.attributes
                0x000000000000017c       0x33 build/stm32f1xx_hal_msp.o
 .ARM.attributes
                0x00000000000001af       0x33 build/stm32f1xx_hal.o
 .ARM.attributes
                0x00000000000001e2       0x33 build/stm32f1xx_hal_rcc.o
 .ARM.attributes
                0x0000000000000215       0x21 build/startup_stm32f103xb.o
 .ARM.attributes
                0x0000000000000236       0x2d /usr/lib/gcc/arm-none-eabi/6.2.0/../../../../arm-none-eabi/lib/armv7-m/libc_nano.a(lib_a-init.o)
 .ARM.attributes
                0x0000000000000263       0x1d /usr/lib/gcc/arm-none-eabi/6.2.0/armv7-m/crtn.o
OUTPUT(build/uart1.elf elf32-littlearm)

.comment        0x0000000000000000       0x42
 .comment       0x0000000000000000       0x21 /usr/lib/gcc/arm-none-eabi/6.2.0/armv7-m/crtbegin.o
                                         0x22 (size before relaxing)
 .comment       0x0000000000000021       0x22 build/system_stm32f1xx.o
 .comment       0x0000000000000021       0x22 build/stm32f1xx_it.o
 .comment       0x0000000000000021       0x22 build/stm32f1xx_hal_cortex.o
 .comment       0x0000000000000021       0x22 build/main.o
 .comment       0x0000000000000021       0x22 build/stm32f1xx_hal_gpio.o
 .comment       0x0000000000000021       0x22 build/stm32f1xx_hal_uart.o
 .comment       0x0000000000000021       0x22 build/stm32f1xx_hal_msp.o
 .comment       0x0000000000000021       0x22 build/stm32f1xx_hal.o
 .comment       0x0000000000000021       0x22 build/stm32f1xx_hal_rcc.o
 .comment       0x0000000000000021       0x21 /usr/lib/gcc/arm-none-eabi/6.2.0/../../../../arm-none-eabi/lib/armv7-m/libc_nano.a(lib_a-init.o)
                                         0x22 (size before relaxing)

.debug_info     0x0000000000000000     0xaee7
 .debug_info    0x0000000000000000      0xd32 build/system_stm32f1xx.o
 .debug_info    0x0000000000000d32      0xb04 build/stm32f1xx_it.o
 .debug_info    0x0000000000001836     0x15e9 build/stm32f1xx_hal_cortex.o
 .debug_info    0x0000000000002e1f     0x1785 build/main.o
 .debug_info    0x00000000000045a4      0xfbf build/stm32f1xx_hal_gpio.o
 .debug_info    0x0000000000005563     0x20b0 build/stm32f1xx_hal_uart.o
 .debug_info    0x0000000000007613     0x1420 build/stm32f1xx_hal_msp.o
 .debug_info    0x0000000000008a33     0x1043 build/stm32f1xx_hal.o
 .debug_info    0x0000000000009a76     0x12fb build/stm32f1xx_hal_rcc.o
 .debug_info    0x000000000000ad71       0x66 build/startup_stm32f103xb.o
 .debug_info    0x000000000000add7      0x110 /usr/lib/gcc/arm-none-eabi/6.2.0/../../../../arm-none-eabi/lib/armv7-m/libc_nano.a(lib_a-init.o)

.debug_abbrev   0x0000000000000000     0x18f8
 .debug_abbrev  0x0000000000000000      0x1fe build/system_stm32f1xx.o
 .debug_abbrev  0x00000000000001fe      0x1c0 build/stm32f1xx_it.o
 .debug_abbrev  0x00000000000003be      0x3c8 build/stm32f1xx_hal_cortex.o
 .debug_abbrev  0x0000000000000786      0x2ae build/main.o
 .debug_abbrev  0x0000000000000a34      0x2b3 build/stm32f1xx_hal_gpio.o
 .debug_abbrev  0x0000000000000ce7      0x32d build/stm32f1xx_hal_uart.o
 .debug_abbrev  0x0000000000001014      0x22c build/stm32f1xx_hal_msp.o
 .debug_abbrev  0x0000000000001240      0x2d8 build/stm32f1xx_hal.o
 .debug_abbrev  0x0000000000001518      0x314 build/stm32f1xx_hal_rcc.o
 .debug_abbrev  0x000000000000182c       0x12 build/startup_stm32f103xb.o
 .debug_abbrev  0x000000000000183e       0xba /usr/lib/gcc/arm-none-eabi/6.2.0/../../../../arm-none-eabi/lib/armv7-m/libc_nano.a(lib_a-init.o)

.debug_loc      0x0000000000000000     0x2fe8
 .debug_loc     0x0000000000000000       0xdf build/system_stm32f1xx.o
 .debug_loc     0x00000000000000df       0x20 build/stm32f1xx_it.o
 .debug_loc     0x00000000000000ff      0x63d build/stm32f1xx_hal_cortex.o
 .debug_loc     0x000000000000073c      0x159 build/main.o
 .debug_loc     0x0000000000000895      0x501 build/stm32f1xx_hal_gpio.o
 .debug_loc     0x0000000000000d96     0x19c9 build/stm32f1xx_hal_uart.o
 .debug_loc     0x000000000000275f       0xeb build/stm32f1xx_hal_msp.o
 .debug_loc     0x000000000000284a      0x101 build/stm32f1xx_hal.o
 .debug_loc     0x000000000000294b      0x5ef build/stm32f1xx_hal_rcc.o
 .debug_loc     0x0000000000002f3a       0xae /usr/lib/gcc/arm-none-eabi/6.2.0/../../../../arm-none-eabi/lib/armv7-m/libc_nano.a(lib_a-init.o)

.debug_aranges  0x0000000000000000      0x550
 .debug_aranges
                0x0000000000000000       0x28 build/system_stm32f1xx.o
 .debug_aranges
                0x0000000000000028       0x60 build/stm32f1xx_it.o
 .debug_aranges
                0x0000000000000088       0x90 build/stm32f1xx_hal_cortex.o
 .debug_aranges
                0x0000000000000118       0x50 build/main.o
 .debug_aranges
                0x0000000000000168       0x58 build/stm32f1xx_hal_gpio.o
 .debug_aranges
                0x00000000000001c0      0x1d0 build/stm32f1xx_hal_uart.o
 .debug_aranges
                0x0000000000000390       0x30 build/stm32f1xx_hal_msp.o
 .debug_aranges
                0x00000000000003c0       0xb8 build/stm32f1xx_hal.o
 .debug_aranges
                0x0000000000000478       0x90 build/stm32f1xx_hal_rcc.o
 .debug_aranges
                0x0000000000000508       0x28 build/startup_stm32f103xb.o
 .debug_aranges
                0x0000000000000530       0x20 /usr/lib/gcc/arm-none-eabi/6.2.0/../../../../arm-none-eabi/lib/armv7-m/libc_nano.a(lib_a-init.o)

.debug_ranges   0x0000000000000000      0x518
 .debug_ranges  0x0000000000000000       0x18 build/system_stm32f1xx.o
 .debug_ranges  0x0000000000000018       0x50 build/stm32f1xx_it.o
 .debug_ranges  0x0000000000000068       0xe0 build/stm32f1xx_hal_cortex.o
 .debug_ranges  0x0000000000000148       0x40 build/main.o
 .debug_ranges  0x0000000000000188       0x48 build/stm32f1xx_hal_gpio.o
 .debug_ranges  0x00000000000001d0      0x1c0 build/stm32f1xx_hal_uart.o
 .debug_ranges  0x0000000000000390       0x20 build/stm32f1xx_hal_msp.o
 .debug_ranges  0x00000000000003b0       0xa8 build/stm32f1xx_hal.o
 .debug_ranges  0x0000000000000458       0xa0 build/stm32f1xx_hal_rcc.o
 .debug_ranges  0x00000000000004f8       0x20 build/startup_stm32f103xb.o

.debug_line     0x0000000000000000     0x2438
 .debug_line    0x0000000000000000      0x1c3 build/system_stm32f1xx.o
 .debug_line    0x00000000000001c3      0x230 build/stm32f1xx_it.o
 .debug_line    0x00000000000003f3      0x33e build/stm32f1xx_hal_cortex.o
 .debug_line    0x0000000000000731      0x2ec build/main.o
 .debug_line    0x0000000000000a1d      0x390 build/stm32f1xx_hal_gpio.o
 .debug_line    0x0000000000000dad      0xb01 build/stm32f1xx_hal_uart.o
 .debug_line    0x00000000000018ae      0x24d build/stm32f1xx_hal_msp.o
 .debug_line    0x0000000000001afb      0x33f build/stm32f1xx_hal.o
 .debug_line    0x0000000000001e3a      0x4d6 build/stm32f1xx_hal_rcc.o
 .debug_line    0x0000000000002310       0x72 build/startup_stm32f103xb.o
 .debug_line    0x0000000000002382       0xb6 /usr/lib/gcc/arm-none-eabi/6.2.0/../../../../arm-none-eabi/lib/armv7-m/libc_nano.a(lib_a-init.o)

.debug_str      0x0000000000000000     0x1e22
 .debug_str     0x0000000000000000      0x5e9 build/system_stm32f1xx.o
                                        0x65a (size before relaxing)
 .debug_str     0x00000000000005e9       0xc6 build/stm32f1xx_it.o
                                        0x633 (size before relaxing)
 .debug_str     0x00000000000006af      0x5a0 build/stm32f1xx_hal_cortex.o
                                        0xc84 (size before relaxing)
 .debug_str     0x0000000000000c4f      0x65b build/main.o
                                        0xf5f (size before relaxing)
 .debug_str     0x00000000000012aa      0x151 build/stm32f1xx_hal_gpio.o
                                        0x7f1 (size before relaxing)
 .debug_str     0x00000000000013fb      0x567 build/stm32f1xx_hal_uart.o
                                        0xf39 (size before relaxing)
 .debug_str     0x0000000000001962       0x24 build/stm32f1xx_hal_msp.o
                                        0xd30 (size before relaxing)
 .debug_str     0x0000000000001986      0x1c3 build/stm32f1xx_hal.o
                                        0xb20 (size before relaxing)
 .debug_str     0x0000000000001b49      0x19d build/stm32f1xx_hal_rcc.o
                                        0x9c8 (size before relaxing)
 .debug_str     0x0000000000001ce6      0x13c /usr/lib/gcc/arm-none-eabi/6.2.0/../../../../arm-none-eabi/lib/armv7-m/libc_nano.a(lib_a-init.o)
                                        0x1e0 (size before relaxing)

.debug_frame    0x0000000000000000      0xd20
 .debug_frame   0x0000000000000000       0x30 build/system_stm32f1xx.o
 .debug_frame   0x0000000000000030       0xac build/stm32f1xx_it.o
 .debug_frame   0x00000000000000dc      0x13c build/stm32f1xx_hal_cortex.o
 .debug_frame   0x0000000000000218       0xe0 build/main.o
 .debug_frame   0x00000000000002f8      0x104 build/stm32f1xx_hal_gpio.o
 .debug_frame   0x00000000000003fc      0x57c build/stm32f1xx_hal_uart.o
 .debug_frame   0x0000000000000978       0x70 build/stm32f1xx_hal_msp.o
 .debug_frame   0x00000000000009e8      0x188 build/stm32f1xx_hal.o
 .debug_frame   0x0000000000000b70      0x184 build/stm32f1xx_hal_rcc.o
 .debug_frame   0x0000000000000cf4       0x2c /usr/lib/gcc/arm-none-eabi/6.2.0/../../../../arm-none-eabi/lib/armv7-m/libc_nano.a(lib_a-init.o)

Cross Reference Table

Symbol                                            File
ADC1_2_IRQHandler                                 build/startup_stm32f103xb.o
AHBPrescTable                                     build/system_stm32f1xx.o
                                                  build/stm32f1xx_hal_rcc.o
APBPrescTable                                     build/system_stm32f1xx.o
                                                  build/stm32f1xx_hal_rcc.o
BusFault_Handler                                  build/stm32f1xx_it.o
CAN1_RX1_IRQHandler                               build/startup_stm32f103xb.o
CAN1_SCE_IRQHandler                               build/startup_stm32f103xb.o
DMA1_Channel1_IRQHandler                          build/startup_stm32f103xb.o
DMA1_Channel2_IRQHandler                          build/startup_stm32f103xb.o
DMA1_Channel3_IRQHandler                          build/startup_stm32f103xb.o
DMA1_Channel4_IRQHandler                          build/startup_stm32f103xb.o
DMA1_Channel5_IRQHandler                          build/startup_stm32f103xb.o
DMA1_Channel6_IRQHandler                          build/startup_stm32f103xb.o
DMA1_Channel7_IRQHandler                          build/startup_stm32f103xb.o
DebugMon_Handler                                  build/stm32f1xx_it.o
Default_Handler                                   build/startup_stm32f103xb.o
EXTI0_IRQHandler                                  build/startup_stm32f103xb.o
EXTI15_10_IRQHandler                              build/startup_stm32f103xb.o
EXTI1_IRQHandler                                  build/startup_stm32f103xb.o
EXTI2_IRQHandler                                  build/startup_stm32f103xb.o
EXTI3_IRQHandler                                  build/startup_stm32f103xb.o
EXTI4_IRQHandler                                  build/startup_stm32f103xb.o
EXTI9_5_IRQHandler                                build/startup_stm32f103xb.o
FLASH_IRQHandler                                  build/startup_stm32f103xb.o
FLASH_PageErase                                   build/stm32f1xx_hal_flash_ex.o
                                                  build/stm32f1xx_hal_flash.o
FLASH_WaitForLastOperation                        build/stm32f1xx_hal_flash.o
                                                  build/stm32f1xx_hal_flash_ex.o
HAL_DBGMCU_DisableDBGSleepMode                    build/stm32f1xx_hal.o
HAL_DBGMCU_DisableDBGStandbyMode                  build/stm32f1xx_hal.o
HAL_DBGMCU_DisableDBGStopMode                     build/stm32f1xx_hal.o
HAL_DBGMCU_EnableDBGSleepMode                     build/stm32f1xx_hal.o
HAL_DBGMCU_EnableDBGStandbyMode                   build/stm32f1xx_hal.o
HAL_DBGMCU_EnableDBGStopMode                      build/stm32f1xx_hal.o
HAL_DMA_Abort                                     build/stm32f1xx_hal_dma.o
                                                  build/stm32f1xx_hal_uart.o
HAL_DMA_Abort_IT                                  build/stm32f1xx_hal_dma.o
                                                  build/stm32f1xx_hal_uart.o
HAL_DMA_DeInit                                    build/stm32f1xx_hal_dma.o
HAL_DMA_GetError                                  build/stm32f1xx_hal_dma.o
HAL_DMA_GetState                                  build/stm32f1xx_hal_dma.o
HAL_DMA_IRQHandler                                build/stm32f1xx_hal_dma.o
HAL_DMA_Init                                      build/stm32f1xx_hal_dma.o
HAL_DMA_PollForTransfer                           build/stm32f1xx_hal_dma.o
HAL_DMA_RegisterCallback                          build/stm32f1xx_hal_dma.o
HAL_DMA_Start                                     build/stm32f1xx_hal_dma.o
HAL_DMA_Start_IT                                  build/stm32f1xx_hal_dma.o
                                                  build/stm32f1xx_hal_uart.o
HAL_DMA_UnRegisterCallback                        build/stm32f1xx_hal_dma.o
HAL_DeInit                                        build/stm32f1xx_hal.o
HAL_Delay                                         build/stm32f1xx_hal.o
HAL_FLASHEx_Erase                                 build/stm32f1xx_hal_flash_ex.o
HAL_FLASHEx_Erase_IT                              build/stm32f1xx_hal_flash_ex.o
HAL_FLASHEx_OBErase                               build/stm32f1xx_hal_flash_ex.o
HAL_FLASHEx_OBGetConfig                           build/stm32f1xx_hal_flash_ex.o
HAL_FLASHEx_OBGetUserData                         build/stm32f1xx_hal_flash_ex.o
HAL_FLASHEx_OBProgram                             build/stm32f1xx_hal_flash_ex.o
HAL_FLASH_EndOfOperationCallback                  build/stm32f1xx_hal_flash.o
HAL_FLASH_GetError                                build/stm32f1xx_hal_flash.o
HAL_FLASH_IRQHandler                              build/stm32f1xx_hal_flash.o
HAL_FLASH_Lock                                    build/stm32f1xx_hal_flash.o
HAL_FLASH_OB_Launch                               build/stm32f1xx_hal_flash.o
HAL_FLASH_OB_Lock                                 build/stm32f1xx_hal_flash.o
HAL_FLASH_OB_Unlock                               build/stm32f1xx_hal_flash.o
HAL_FLASH_OperationErrorCallback                  build/stm32f1xx_hal_flash.o
HAL_FLASH_Program                                 build/stm32f1xx_hal_flash.o
HAL_FLASH_Program_IT                              build/stm32f1xx_hal_flash.o
HAL_FLASH_Unlock                                  build/stm32f1xx_hal_flash.o
HAL_GPIOEx_ConfigEventout                         build/stm32f1xx_hal_gpio_ex.o
HAL_GPIOEx_DisableEventout                        build/stm32f1xx_hal_gpio_ex.o
HAL_GPIOEx_EnableEventout                         build/stm32f1xx_hal_gpio_ex.o
HAL_GPIO_DeInit                                   build/stm32f1xx_hal_gpio.o
                                                  build/stm32f1xx_hal_msp.o
HAL_GPIO_EXTI_Callback                            build/stm32f1xx_hal_gpio.o
HAL_GPIO_EXTI_IRQHandler                          build/stm32f1xx_hal_gpio.o
HAL_GPIO_Init                                     build/stm32f1xx_hal_gpio.o
                                                  build/stm32f1xx_hal_rcc.o
                                                  build/stm32f1xx_hal_msp.o
                                                  build/main.o
HAL_GPIO_LockPin                                  build/stm32f1xx_hal_gpio.o
HAL_GPIO_ReadPin                                  build/stm32f1xx_hal_gpio.o
HAL_GPIO_TogglePin                                build/stm32f1xx_hal_gpio.o
                                                  build/main.o
HAL_GPIO_WritePin                                 build/stm32f1xx_hal_gpio.o
                                                  build/main.o
HAL_GetDEVID                                      build/stm32f1xx_hal.o
HAL_GetHalVersion                                 build/stm32f1xx_hal.o
HAL_GetREVID                                      build/stm32f1xx_hal.o
HAL_GetTick                                       build/stm32f1xx_hal.o
                                                  build/stm32f1xx_hal_rcc.o
                                                  build/stm32f1xx_hal_uart.o
                                                  build/stm32f1xx_hal_flash.o
                                                  build/stm32f1xx_hal_dma.o
                                                  build/stm32f1xx_hal_rcc_ex.o
HAL_GetUID                                        build/stm32f1xx_hal.o
HAL_HalfDuplex_EnableReceiver                     build/stm32f1xx_hal_uart.o
HAL_HalfDuplex_EnableTransmitter                  build/stm32f1xx_hal_uart.o
HAL_HalfDuplex_Init                               build/stm32f1xx_hal_uart.o
HAL_IncTick                                       build/stm32f1xx_hal.o
                                                  build/stm32f1xx_it.o
HAL_Init                                          build/stm32f1xx_hal.o
                                                  build/main.o
HAL_InitTick                                      build/stm32f1xx_hal.o
                                                  build/stm32f1xx_hal_rcc.o
HAL_LIN_Init                                      build/stm32f1xx_hal_uart.o
HAL_LIN_SendBreak                                 build/stm32f1xx_hal_uart.o
HAL_MspDeInit                                     build/stm32f1xx_hal.o
HAL_MspInit                                       build/stm32f1xx_hal_msp.o
HAL_MultiProcessor_EnterMuteMode                  build/stm32f1xx_hal_uart.o
HAL_MultiProcessor_ExitMuteMode                   build/stm32f1xx_hal_uart.o
HAL_MultiProcessor_Init                           build/stm32f1xx_hal_uart.o
HAL_NVIC_ClearPendingIRQ                          build/stm32f1xx_hal_cortex.o
HAL_NVIC_DisableIRQ                               build/stm32f1xx_hal_cortex.o
HAL_NVIC_EnableIRQ                                build/stm32f1xx_hal_cortex.o
                                                  build/stm32f1xx_hal_msp.o
HAL_NVIC_GetActive                                build/stm32f1xx_hal_cortex.o
HAL_NVIC_GetPendingIRQ                            build/stm32f1xx_hal_cortex.o
HAL_NVIC_GetPriority                              build/stm32f1xx_hal_cortex.o
HAL_NVIC_GetPriorityGrouping                      build/stm32f1xx_hal_cortex.o
HAL_NVIC_SetPendingIRQ                            build/stm32f1xx_hal_cortex.o
HAL_NVIC_SetPriority                              build/stm32f1xx_hal_cortex.o
                                                  build/stm32f1xx_hal.o
                                                  build/stm32f1xx_hal_msp.o
                                                  build/main.o
HAL_NVIC_SetPriorityGrouping                      build/stm32f1xx_hal_cortex.o
                                                  build/stm32f1xx_hal.o
                                                  build/stm32f1xx_hal_msp.o
HAL_NVIC_SystemReset                              build/stm32f1xx_hal_cortex.o
                                                  build/stm32f1xx_hal_flash.o
HAL_PWR_ConfigPVD                                 build/stm32f1xx_hal_pwr.o
HAL_PWR_DeInit                                    build/stm32f1xx_hal_pwr.o
HAL_PWR_DisableBkUpAccess                         build/stm32f1xx_hal_pwr.o
HAL_PWR_DisablePVD                                build/stm32f1xx_hal_pwr.o
HAL_PWR_DisableSEVOnPend                          build/stm32f1xx_hal_pwr.o
HAL_PWR_DisableSleepOnExit                        build/stm32f1xx_hal_pwr.o
HAL_PWR_DisableWakeUpPin                          build/stm32f1xx_hal_pwr.o
HAL_PWR_EnableBkUpAccess                          build/stm32f1xx_hal_pwr.o
HAL_PWR_EnablePVD                                 build/stm32f1xx_hal_pwr.o
HAL_PWR_EnableSEVOnPend                           build/stm32f1xx_hal_pwr.o
HAL_PWR_EnableSleepOnExit                         build/stm32f1xx_hal_pwr.o
HAL_PWR_EnableWakeUpPin                           build/stm32f1xx_hal_pwr.o
HAL_PWR_EnterSLEEPMode                            build/stm32f1xx_hal_pwr.o
HAL_PWR_EnterSTANDBYMode                          build/stm32f1xx_hal_pwr.o
HAL_PWR_EnterSTOPMode                             build/stm32f1xx_hal_pwr.o
HAL_PWR_PVDCallback                               build/stm32f1xx_hal_pwr.o
HAL_PWR_PVD_IRQHandler                            build/stm32f1xx_hal_pwr.o
HAL_RCCEx_GetPeriphCLKConfig                      build/stm32f1xx_hal_rcc_ex.o
HAL_RCCEx_GetPeriphCLKFreq                        build/stm32f1xx_hal_rcc_ex.o
HAL_RCCEx_PeriphCLKConfig                         build/stm32f1xx_hal_rcc_ex.o
HAL_RCC_CSSCallback                               build/stm32f1xx_hal_rcc.o
HAL_RCC_ClockConfig                               build/stm32f1xx_hal_rcc.o
                                                  build/main.o
HAL_RCC_DeInit                                    build/stm32f1xx_hal_rcc.o
HAL_RCC_DisableCSS                                build/stm32f1xx_hal_rcc.o
HAL_RCC_EnableCSS                                 build/stm32f1xx_hal_rcc.o
HAL_RCC_GetClockConfig                            build/stm32f1xx_hal_rcc.o
HAL_RCC_GetHCLKFreq                               build/stm32f1xx_hal_rcc.o
                                                  build/main.o
HAL_RCC_GetOscConfig                              build/stm32f1xx_hal_rcc.o
HAL_RCC_GetPCLK1Freq                              build/stm32f1xx_hal_rcc.o
                                                  build/stm32f1xx_hal_uart.o
HAL_RCC_GetPCLK2Freq                              build/stm32f1xx_hal_rcc.o
                                                  build/stm32f1xx_hal_uart.o
                                                  build/stm32f1xx_hal_rcc_ex.o
HAL_RCC_GetSysClockFreq                           build/stm32f1xx_hal_rcc.o
HAL_RCC_MCOConfig                                 build/stm32f1xx_hal_rcc.o
HAL_RCC_NMI_IRQHandler                            build/stm32f1xx_hal_rcc.o
HAL_RCC_OscConfig                                 build/stm32f1xx_hal_rcc.o
                                                  build/main.o
HAL_ResumeTick                                    build/stm32f1xx_hal.o
HAL_SYSTICK_CLKSourceConfig                       build/stm32f1xx_hal_cortex.o
                                                  build/main.o
HAL_SYSTICK_Callback                              build/stm32f1xx_hal_cortex.o
HAL_SYSTICK_Config                                build/stm32f1xx_hal_cortex.o
                                                  build/stm32f1xx_hal.o
                                                  build/main.o
HAL_SYSTICK_IRQHandler                            build/stm32f1xx_hal_cortex.o
                                                  build/stm32f1xx_it.o
HAL_SuspendTick                                   build/stm32f1xx_hal.o
HAL_UART_Abort                                    build/stm32f1xx_hal_uart.o
HAL_UART_AbortCpltCallback                        build/stm32f1xx_hal_uart.o
HAL_UART_AbortReceive                             build/stm32f1xx_hal_uart.o
HAL_UART_AbortReceiveCpltCallback                 build/stm32f1xx_hal_uart.o
HAL_UART_AbortReceive_IT                          build/stm32f1xx_hal_uart.o
HAL_UART_AbortTransmit                            build/stm32f1xx_hal_uart.o
HAL_UART_AbortTransmitCpltCallback                build/stm32f1xx_hal_uart.o
HAL_UART_AbortTransmit_IT                         build/stm32f1xx_hal_uart.o
HAL_UART_Abort_IT                                 build/stm32f1xx_hal_uart.o
HAL_UART_DMAPause                                 build/stm32f1xx_hal_uart.o
HAL_UART_DMAResume                                build/stm32f1xx_hal_uart.o
HAL_UART_DMAStop                                  build/stm32f1xx_hal_uart.o
HAL_UART_DeInit                                   build/stm32f1xx_hal_uart.o
HAL_UART_ErrorCallback                            build/stm32f1xx_hal_uart.o
HAL_UART_GetError                                 build/stm32f1xx_hal_uart.o
HAL_UART_GetState                                 build/stm32f1xx_hal_uart.o
HAL_UART_IRQHandler                               build/stm32f1xx_hal_uart.o
HAL_UART_Init                                     build/stm32f1xx_hal_uart.o
                                                  build/main.o
HAL_UART_MspDeInit                                build/stm32f1xx_hal_msp.o
                                                  build/stm32f1xx_hal_uart.o
HAL_UART_MspInit                                  build/stm32f1xx_hal_msp.o
                                                  build/stm32f1xx_hal_uart.o
                                                  build/main.o
HAL_UART_Receive                                  build/stm32f1xx_hal_uart.o
HAL_UART_Receive_DMA                              build/stm32f1xx_hal_uart.o
HAL_UART_Receive_IT                               build/stm32f1xx_hal_uart.o
                                                  build/main.o
HAL_UART_RxCpltCallback                           build/main.o
HAL_UART_RxHalfCpltCallback                       build/stm32f1xx_hal_uart.o
HAL_UART_Transmit                                 build/stm32f1xx_hal_uart.o
                                                  build/main.o
HAL_UART_Transmit_DMA                             build/stm32f1xx_hal_uart.o
HAL_UART_Transmit_IT                              build/stm32f1xx_hal_uart.o
HAL_UART_TxCpltCallback                           build/stm32f1xx_hal_uart.o
HAL_UART_TxHalfCpltCallback                       build/stm32f1xx_hal_uart.o
HardFault_Handler                                 build/stm32f1xx_it.o
I2C1_ER_IRQHandler                                build/startup_stm32f103xb.o
I2C1_EV_IRQHandler                                build/startup_stm32f103xb.o
I2C2_ER_IRQHandler                                build/startup_stm32f103xb.o
I2C2_EV_IRQHandler                                build/startup_stm32f103xb.o
MemManage_Handler                                 build/stm32f1xx_it.o
NMI_Handler                                       build/stm32f1xx_it.o
PVD_IRQHandler                                    build/startup_stm32f103xb.o
PendSV_Handler                                    build/stm32f1xx_it.o
RCC_IRQHandler                                    build/startup_stm32f103xb.o
RTC_Alarm_IRQHandler                              build/startup_stm32f103xb.o
RTC_IRQHandler                                    build/startup_stm32f103xb.o
Reset_Handler                                     build/startup_stm32f103xb.o
SPI1_IRQHandler                                   build/startup_stm32f103xb.o
SPI2_IRQHandler                                   build/startup_stm32f103xb.o
SVC_Handler                                       build/stm32f1xx_it.o
SysTick_Handler                                   build/stm32f1xx_it.o
SystemClock_Config                                build/main.o
SystemCoreClock                                   build/system_stm32f1xx.o
                                                  build/stm32f1xx_hal_rcc.o
                                                  build/stm32f1xx_hal.o
SystemCoreClockUpdate                             build/system_stm32f1xx.o
SystemInit                                        build/system_stm32f1xx.o
                                                  build/startup_stm32f103xb.o
TAMPER_IRQHandler                                 build/startup_stm32f103xb.o
TIM1_BRK_IRQHandler                               build/startup_stm32f103xb.o
TIM1_CC_IRQHandler                                build/startup_stm32f103xb.o
TIM1_TRG_COM_IRQHandler                           build/startup_stm32f103xb.o
TIM1_UP_IRQHandler                                build/startup_stm32f103xb.o
TIM2_IRQHandler                                   build/startup_stm32f103xb.o
TIM3_IRQHandler                                   build/startup_stm32f103xb.o
TIM4_IRQHandler                                   build/startup_stm32f103xb.o
USART1_IRQHandler                                 build/startup_stm32f103xb.o
USART2_IRQHandler                                 build/startup_stm32f103xb.o
USART3_IRQHandler                                 build/startup_stm32f103xb.o
USBWakeUp_IRQHandler                              build/startup_stm32f103xb.o
USB_HP_CAN1_TX_IRQHandler                         build/startup_stm32f103xb.o
USB_LP_CAN1_RX0_IRQHandler                        build/startup_stm32f103xb.o
UartHandle                                        build/main.o
UartReady                                         build/main.o
UsageFault_Handler                                build/stm32f1xx_it.o
WWDG_IRQHandler                                   build/startup_stm32f103xb.o
_Error_Handler                                    build/main.o
_Jv_RegisterClasses                               /usr/lib/gcc/arm-none-eabi/6.2.0/armv7-m/crtbegin.o
__atexit_dummy                                    /usr/lib/gcc/arm-none-eabi/6.2.0/../../../../arm-none-eabi/lib/armv7-m/libc_nano.a(lib_a-__atexit.o)
__bss_end__                                       /usr/lib/gcc/arm-none-eabi/6.2.0/../../../../arm-none-eabi/lib/armv7-m/crt0.o
__bss_start__                                     /usr/lib/gcc/arm-none-eabi/6.2.0/../../../../arm-none-eabi/lib/armv7-m/crt0.o
__call_exitprocs                                  /usr/lib/gcc/arm-none-eabi/6.2.0/../../../../arm-none-eabi/lib/armv7-m/libc_nano.a(lib_a-__call_atexit.o)
                                                  /usr/lib/gcc/arm-none-eabi/6.2.0/../../../../arm-none-eabi/lib/armv7-m/libc_nano.a(lib_a-__atexit.o)
                                                  /usr/lib/gcc/arm-none-eabi/6.2.0/../../../../arm-none-eabi/lib/armv7-m/libc_nano.a(lib_a-exit.o)
__deregister_frame_info                           /usr/lib/gcc/arm-none-eabi/6.2.0/armv7-m/crtbegin.o
__dso_handle                                      /usr/lib/gcc/arm-none-eabi/6.2.0/armv7-m/crtbegin.o
__fini_array_end                                  /usr/lib/gcc/arm-none-eabi/6.2.0/../../../../arm-none-eabi/lib/armv7-m/libc_nano.a(lib_a-fini.o)
__fini_array_start                                /usr/lib/gcc/arm-none-eabi/6.2.0/../../../../arm-none-eabi/lib/armv7-m/libc_nano.a(lib_a-fini.o)
__init_array_end                                  /usr/lib/gcc/arm-none-eabi/6.2.0/../../../../arm-none-eabi/lib/armv7-m/libc_nano.a(lib_a-init.o)
__init_array_start                                /usr/lib/gcc/arm-none-eabi/6.2.0/../../../../arm-none-eabi/lib/armv7-m/libc_nano.a(lib_a-init.o)
__libc_fini_array                                 /usr/lib/gcc/arm-none-eabi/6.2.0/../../../../arm-none-eabi/lib/armv7-m/libc_nano.a(lib_a-fini.o)
                                                  /usr/lib/gcc/arm-none-eabi/6.2.0/../../../../arm-none-eabi/lib/armv7-m/crt0.o
__libc_init_array                                 /usr/lib/gcc/arm-none-eabi/6.2.0/../../../../arm-none-eabi/lib/armv7-m/libc_nano.a(lib_a-init.o)
                                                  build/startup_stm32f103xb.o
                                                  /usr/lib/gcc/arm-none-eabi/6.2.0/../../../../arm-none-eabi/lib/armv7-m/crt0.o
__on_exit_args                                    /usr/lib/gcc/arm-none-eabi/6.2.0/../../../../arm-none-eabi/lib/armv7-m/libc_nano.a(lib_a-__atexit.o)
__preinit_array_end                               /usr/lib/gcc/arm-none-eabi/6.2.0/../../../../arm-none-eabi/lib/armv7-m/libc_nano.a(lib_a-init.o)
__preinit_array_start                             /usr/lib/gcc/arm-none-eabi/6.2.0/../../../../arm-none-eabi/lib/armv7-m/libc_nano.a(lib_a-init.o)
__register_exitproc                               /usr/lib/gcc/arm-none-eabi/6.2.0/../../../../arm-none-eabi/lib/armv7-m/libc_nano.a(lib_a-__atexit.o)
                                                  /usr/lib/gcc/arm-none-eabi/6.2.0/../../../../arm-none-eabi/lib/armv7-m/libc_nano.a(lib_a-atexit.o)
__register_frame_info                             /usr/lib/gcc/arm-none-eabi/6.2.0/armv7-m/crtbegin.o
__sf_fake_stderr                                  /usr/lib/gcc/arm-none-eabi/6.2.0/../../../../arm-none-eabi/lib/armv7-m/libc_nano.a(lib_a-impure.o)
__sf_fake_stdin                                   /usr/lib/gcc/arm-none-eabi/6.2.0/../../../../arm-none-eabi/lib/armv7-m/libc_nano.a(lib_a-impure.o)
__sf_fake_stdout                                  /usr/lib/gcc/arm-none-eabi/6.2.0/../../../../arm-none-eabi/lib/armv7-m/libc_nano.a(lib_a-impure.o)
__stack                                           /usr/lib/gcc/arm-none-eabi/6.2.0/../../../../arm-none-eabi/lib/armv7-m/crt0.o
_ebss                                             build/startup_stm32f103xb.o
_edata                                            build/startup_stm32f103xb.o
_estack                                           build/startup_stm32f103xb.o
_exit                                             /usr/lib/gcc/arm-none-eabi/6.2.0/../../../../arm-none-eabi/lib/armv7-m/libnosys.a(_exit.o)
                                                  /usr/lib/gcc/arm-none-eabi/6.2.0/../../../../arm-none-eabi/lib/armv7-m/libc_nano.a(lib_a-exit.o)
_fini                                             /usr/lib/gcc/arm-none-eabi/6.2.0/armv7-m/crti.o
                                                  /usr/lib/gcc/arm-none-eabi/6.2.0/../../../../arm-none-eabi/lib/armv7-m/libc_nano.a(lib_a-fini.o)
_global_atexit                                    /usr/lib/gcc/arm-none-eabi/6.2.0/../../../../arm-none-eabi/lib/armv7-m/libc_nano.a(lib_a-__call_atexit.o)
                                                  /usr/lib/gcc/arm-none-eabi/6.2.0/../../../../arm-none-eabi/lib/armv7-m/libc_nano.a(lib_a-__atexit.o)
_global_impure_ptr                                /usr/lib/gcc/arm-none-eabi/6.2.0/../../../../arm-none-eabi/lib/armv7-m/libc_nano.a(lib_a-impure.o)
                                                  /usr/lib/gcc/arm-none-eabi/6.2.0/../../../../arm-none-eabi/lib/armv7-m/libc_nano.a(lib_a-exit.o)
_impure_ptr                                       /usr/lib/gcc/arm-none-eabi/6.2.0/../../../../arm-none-eabi/lib/armv7-m/libc_nano.a(lib_a-impure.o)
_init                                             /usr/lib/gcc/arm-none-eabi/6.2.0/armv7-m/crti.o
                                                  /usr/lib/gcc/arm-none-eabi/6.2.0/../../../../arm-none-eabi/lib/armv7-m/libc_nano.a(lib_a-init.o)
_mainCRTStartup                                   /usr/lib/gcc/arm-none-eabi/6.2.0/../../../../arm-none-eabi/lib/armv7-m/crt0.o
_sbss                                             build/startup_stm32f103xb.o
_sdata                                            build/startup_stm32f103xb.o
_sidata                                           build/startup_stm32f103xb.o
_start                                            /usr/lib/gcc/arm-none-eabi/6.2.0/../../../../arm-none-eabi/lib/armv7-m/crt0.o
aRxBuffer                                         build/main.o
atexit                                            /usr/lib/gcc/arm-none-eabi/6.2.0/../../../../arm-none-eabi/lib/armv7-m/libc_nano.a(lib_a-atexit.o)
                                                  /usr/lib/gcc/arm-none-eabi/6.2.0/../../../../arm-none-eabi/lib/armv7-m/crt0.o
buffbuff                                          build/main.o
exit                                              /usr/lib/gcc/arm-none-eabi/6.2.0/../../../../arm-none-eabi/lib/armv7-m/libc_nano.a(lib_a-exit.o)
                                                  /usr/lib/gcc/arm-none-eabi/6.2.0/../../../../arm-none-eabi/lib/armv7-m/crt0.o
free                                              /usr/lib/gcc/arm-none-eabi/6.2.0/../../../../arm-none-eabi/lib/armv7-m/libc_nano.a(lib_a-__call_atexit.o)
g_pfnVectors                                      build/startup_stm32f103xb.o
hardware_init_hook                                /usr/lib/gcc/arm-none-eabi/6.2.0/../../../../arm-none-eabi/lib/armv7-m/crt0.o
main                                              build/main.o
                                                  build/startup_stm32f103xb.o
                                                  /usr/lib/gcc/arm-none-eabi/6.2.0/../../../../arm-none-eabi/lib/armv7-m/crt0.o
malloc                                            /usr/lib/gcc/arm-none-eabi/6.2.0/../../../../arm-none-eabi/lib/armv7-m/libc_nano.a(lib_a-__atexit.o)
memset                                            /usr/lib/gcc/arm-none-eabi/6.2.0/../../../../arm-none-eabi/lib/armv7-m/libc_nano.a(lib_a-memset.o)
                                                  /usr/lib/gcc/arm-none-eabi/6.2.0/../../../../arm-none-eabi/lib/armv7-m/crt0.o
pFlash                                            build/stm32f1xx_hal_flash.o
                                                  build/stm32f1xx_hal_flash_ex.o
software_init_hook                                /usr/lib/gcc/arm-none-eabi/6.2.0/../../../../arm-none-eabi/lib/armv7-m/crt0.o
toggleLED                                         build/main.o
uwTick                                            build/stm32f1xx_hal.o
